0
0
4
2
3
'Studentâ€™s name is Adam, age is 15, and the major is Computer Science'