'a is greater or equal to -2'
'a is greater or equal to 3'
'a is not greater or equal to 5'
