-8
1.200000
FAILED
  ./test-vardecl-primitive.exe failed on ./test-vardecl-primitive.exe
